This file contains any messages produced by compilers while
running configure, to aid debugging if configure makes a mistake.

It was created by almond configure 0.9.24, which was
generated by GNU Autoconf 2.71.  Invocation command line was

  $ ./configure --prefix /opt/almond --disable-kafka

## --------- ##
## Platform. ##
## --------- ##

hostname = tmauv03
uname -m = x86_64
uname -r = 5.15.0-164-generic
uname -s = Linux
uname -v = #174-Ubuntu SMP Fri Nov 14 20:25:16 UTC 2025

/usr/bin/uname -p = unknown
/bin/uname -X     = unknown

/bin/arch              = unknown
/usr/bin/arch -k       = unknown
/usr/convex/getsysinfo = unknown
/usr/bin/hostinfo      = unknown
/bin/machine           = unknown
/usr/bin/oslevel       = unknown
/bin/universe          = unknown

PATH: /opt/gradle/latest/bin/
PATH: /usr/local/sbin/
PATH: /usr/local/bin/
PATH: /usr/sbin/
PATH: /usr/bin/
PATH: /sbin/
PATH: /bin/
PATH: /opt/puppetlabs/bin/


## ----------- ##
## Core tests. ##
## ----------- ##

configure:2541: looking for aux files: config.guess config.sub compile missing install-sh
configure:2554:  trying ./
configure:2583:   ./config.guess found
configure:2583:   ./config.sub found
configure:2583:   ./compile found
configure:2583:   ./missing found
configure:2565:   ./install-sh found
configure:2712: checking for a BSD-compatible install
configure:2785: result: /usr/bin/install -c
configure:2796: checking whether build environment is sane
configure:2851: result: yes
configure:3010: checking for a race-free mkdir -p
configure:3054: result: /bin/mkdir -p
configure:3061: checking for gawk
configure:3082: found /usr/bin/gawk
configure:3093: result: gawk
configure:3104: checking whether make sets $(MAKE)
configure:3127: result: yes
configure:3157: checking whether make supports nested variables
configure:3175: result: yes
configure:3373: checking for gcc
configure:3394: found /usr/bin/gcc
configure:3405: result: gcc
configure:3758: checking for C compiler version
configure:3767: gcc --version >&5
gcc (Ubuntu 11.4.0-1ubuntu1~22.04.2) 11.4.0
Copyright (C) 2021 Free Software Foundation, Inc.
This is free software; see the source for copying conditions.  There is NO
warranty; not even for MERCHANTABILITY or FITNESS FOR A PARTICULAR PURPOSE.

configure:3778: $? = 0
configure:3767: gcc -v >&5
Using built-in specs.
COLLECT_GCC=gcc
COLLECT_LTO_WRAPPER=/usr/lib/gcc/x86_64-linux-gnu/11/lto-wrapper
OFFLOAD_TARGET_NAMES=nvptx-none:amdgcn-amdhsa
OFFLOAD_TARGET_DEFAULT=1
Target: x86_64-linux-gnu
Configured with: ../src/configure -v --with-pkgversion='Ubuntu 11.4.0-1ubuntu1~22.04.2' --with-bugurl=file:///usr/share/doc/gcc-11/README.Bugs --enable-languages=c,ada,c++,go,brig,d,fortran,objc,obj-c++,m2 --prefix=/usr --with-gcc-major-version-only --program-suffix=-11 --program-prefix=x86_64-linux-gnu- --enable-shared --enable-linker-build-id --libexecdir=/usr/lib --without-included-gettext --enable-threads=posix --libdir=/usr/lib --enable-nls --enable-bootstrap --enable-clocale=gnu --enable-libstdcxx-debug --enable-libstdcxx-time=yes --with-default-libstdcxx-abi=new --enable-gnu-unique-object --disable-vtable-verify --enable-plugin --enable-default-pie --with-system-zlib --enable-libphobos-checking=release --with-target-system-zlib=auto --enable-objc-gc=auto --enable-multiarch --disable-werror --enable-cet --with-arch-32=i686 --with-abi=m64 --with-multilib-list=m32,m64,mx32 --enable-multilib --with-tune=generic --enable-offload-targets=nvptx-none=/build/gcc-11-2Y5pKs/gcc-11-11.4.0/debian/tmp-nvptx/usr,amdgcn-amdhsa=/build/gcc-11-2Y5pKs/gcc-11-11.4.0/debian/tmp-gcn/usr --without-cuda-driver --enable-checking=release --build=x86_64-linux-gnu --host=x86_64-linux-gnu --target=x86_64-linux-gnu --with-build-config=bootstrap-lto-lean --enable-link-serialization=2
Thread model: posix
Supported LTO compression algorithms: zlib zstd
gcc version 11.4.0 (Ubuntu 11.4.0-1ubuntu1~22.04.2) 
... rest of stderr output deleted ...
configure:3778: $? = 0
configure:3767: gcc -V >&5
gcc: error: unrecognized command-line option '-V'
gcc: fatal error: no input files
compilation terminated.
configure:3778: $? = 1
configure:3767: gcc -qversion >&5
gcc: error: unrecognized command-line option '-qversion'; did you mean '--version'?
gcc: fatal error: no input files
compilation terminated.
configure:3778: $? = 1
configure:3767: gcc -version >&5
gcc: error: unrecognized command-line option '-version'
gcc: fatal error: no input files
compilation terminated.
configure:3778: $? = 1
configure:3798: checking whether the C compiler works
configure:3820: gcc    conftest.c  >&5
configure:3824: $? = 0
configure:3874: result: yes
configure:3877: checking for C compiler default output file name
configure:3879: result: a.out
configure:3885: checking for suffix of executables
configure:3892: gcc -o conftest    conftest.c  >&5
configure:3896: $? = 0
configure:3919: result: 
configure:3941: checking whether we are cross compiling
configure:3949: gcc -o conftest    conftest.c  >&5
configure:3953: $? = 0
configure:3960: ./conftest
configure:3964: $? = 0
configure:3979: result: no
configure:3984: checking for suffix of object files
configure:4007: gcc -c   conftest.c >&5
configure:4011: $? = 0
configure:4033: result: o
configure:4037: checking whether the compiler supports GNU C
configure:4057: gcc -c   conftest.c >&5
configure:4057: $? = 0
configure:4067: result: yes
configure:4078: checking whether gcc accepts -g
configure:4099: gcc -c -g  conftest.c >&5
configure:4099: $? = 0
configure:4143: result: yes
configure:4163: checking for gcc option to enable C11 features
configure:4178: gcc  -c -g -O2  conftest.c >&5
configure:4178: $? = 0
configure:4196: result: none needed
configure:4312: checking whether gcc understands -c and -o together
configure:4335: gcc -c conftest.c -o conftest2.o
configure:4338: $? = 0
configure:4335: gcc -c conftest.c -o conftest2.o
configure:4338: $? = 0
configure:4350: result: yes
configure:4370: checking whether make supports the include directive
configure:4385: make -f confmf.GNU && cat confinc.out
this is the am__doit target
configure:4388: $? = 0
configure:4407: result: yes (GNU style)
configure:4433: checking dependency style of gcc
configure:4545: result: gcc3
configure:4571: checking for dirent.h that defines DIR
configure:4591: gcc -c -g -O2  -I/usr/include -I/usr/local/include conftest.c >&5
configure:4591: $? = 0
configure:4600: result: yes
configure:4614: checking for library containing opendir
configure:4644: gcc -o conftest -g -O2  -I/usr/include -I/usr/local/include  -L/usr/lib64 -L/usr/local/lib -L/usr/lib conftest.c  >&5
configure:4644: $? = 0
configure:4664: result: none required
configure:4735: checking for sys/wait.h that is POSIX.1 compatible
configure:4762: gcc -c -g -O2  -I/usr/include -I/usr/local/include conftest.c >&5
configure:4762: $? = 0
configure:4770: result: yes
configure:4782: checking for stdio.h
configure:4782: gcc -c -g -O2  -I/usr/include -I/usr/local/include conftest.c >&5
configure:4782: $? = 0
configure:4782: result: yes
configure:4782: checking for stdlib.h
configure:4782: gcc -c -g -O2  -I/usr/include -I/usr/local/include conftest.c >&5
configure:4782: $? = 0
configure:4782: result: yes
configure:4782: checking for string.h
configure:4782: gcc -c -g -O2  -I/usr/include -I/usr/local/include conftest.c >&5
configure:4782: $? = 0
configure:4782: result: yes
configure:4782: checking for inttypes.h
configure:4782: gcc -c -g -O2  -I/usr/include -I/usr/local/include conftest.c >&5
configure:4782: $? = 0
configure:4782: result: yes
configure:4782: checking for stdint.h
configure:4782: gcc -c -g -O2  -I/usr/include -I/usr/local/include conftest.c >&5
configure:4782: $? = 0
configure:4782: result: yes
configure:4782: checking for strings.h
configure:4782: gcc -c -g -O2  -I/usr/include -I/usr/local/include conftest.c >&5
configure:4782: $? = 0
configure:4782: result: yes
configure:4782: checking for sys/stat.h
configure:4782: gcc -c -g -O2  -I/usr/include -I/usr/local/include conftest.c >&5
configure:4782: $? = 0
configure:4782: result: yes
configure:4782: checking for sys/types.h
configure:4782: gcc -c -g -O2  -I/usr/include -I/usr/local/include conftest.c >&5
configure:4782: $? = 0
configure:4782: result: yes
configure:4782: checking for unistd.h
configure:4782: gcc -c -g -O2  -I/usr/include -I/usr/local/include conftest.c >&5
configure:4782: $? = 0
configure:4782: result: yes
configure:4807: checking for arpa/inet.h
configure:4807: gcc -c -g -O2  -I/usr/include -I/usr/local/include conftest.c >&5
configure:4807: $? = 0
configure:4807: result: yes
configure:4813: checking for sys/socket.h
configure:4813: gcc -c -g -O2  -I/usr/include -I/usr/local/include conftest.c >&5
configure:4813: $? = 0
configure:4813: result: yes
configure:4819: checking for sys/types.h
configure:4819: result: yes
configure:4825: checking for sys/stat.h
configure:4825: result: yes
configure:4831: checking for math.h
configure:4831: gcc -c -g -O2  -I/usr/include -I/usr/local/include conftest.c >&5
configure:4831: $? = 0
configure:4831: result: yes
configure:4837: checking for signal.h
configure:4837: gcc -c -g -O2  -I/usr/include -I/usr/local/include conftest.c >&5
configure:4837: $? = 0
configure:4837: result: yes
configure:4843: checking for pthread.h
configure:4843: gcc -c -g -O2  -I/usr/include -I/usr/local/include conftest.c >&5
configure:4843: $? = 0
configure:4843: result: yes
configure:4849: checking for time.h
configure:4849: gcc -c -g -O2  -I/usr/include -I/usr/local/include conftest.c >&5
configure:4849: $? = 0
configure:4849: result: yes
configure:4855: checking for netdb.h
configure:4855: gcc -c -g -O2  -I/usr/include -I/usr/local/include conftest.c >&5
configure:4855: $? = 0
configure:4855: result: yes
configure:4861: checking for unistd.h
configure:4861: result: yes
configure:4867: checking for ctype.h
configure:4867: gcc -c -g -O2  -I/usr/include -I/usr/local/include conftest.c >&5
configure:4867: $? = 0
configure:4867: result: yes
configure:4873: checking for string.h
configure:4873: result: yes
configure:4879: checking for errno.h
configure:4879: gcc -c -g -O2  -I/usr/include -I/usr/local/include conftest.c >&5
configure:4879: $? = 0
configure:4879: result: yes
configure:4885: checking for dirent.h
configure:4885: gcc -c -g -O2  -I/usr/include -I/usr/local/include conftest.c >&5
configure:4885: $? = 0
configure:4885: result: yes
configure:4891: checking for stdlib.h
configure:4891: result: yes
configure:4897: checking for stdio.h
configure:4897: result: yes
configure:4903: checking for json-c/json.h
configure:4903: gcc -c -g -O2  -I/usr/include -I/usr/local/include conftest.c >&5
configure:4903: $? = 0
configure:4903: result: yes
configure:4909: checking for openssl/ssl.h
configure:4909: gcc -c -g -O2  -I/usr/include -I/usr/local/include conftest.c >&5
configure:4909: $? = 0
configure:4909: result: yes
configure:4915: checking for openssl/x509.h
configure:4915: gcc -c -g -O2  -I/usr/include -I/usr/local/include conftest.c >&5
configure:4915: $? = 0
configure:4915: result: yes
configure:4924: checking for _Bool
configure:4924: gcc -c -g -O2  -I/usr/include -I/usr/local/include conftest.c >&5
configure:4924: $? = 0
configure:4924: gcc -c -g -O2  -I/usr/include -I/usr/local/include conftest.c >&5
conftest.c: In function 'main':
conftest.c:73:20: error: expected expression before ')' token
   73 | if (sizeof ((_Bool)))
      |                    ^
configure:4924: $? = 1
configure: failed program was:
| /* confdefs.h */
| #define PACKAGE_NAME "almond"
| #define PACKAGE_TARNAME "almond"
| #define PACKAGE_VERSION "0.9.24"
| #define PACKAGE_STRING "almond 0.9.24"
| #define PACKAGE_BUGREPORT "andreas.lindell@almondmonitor.com"
| #define PACKAGE_URL ""
| #define PACKAGE "almond"
| #define VERSION "0.9.24"
| #define HAVE_DIRENT_H 1
| #define HAVE_SYS_WAIT_H 1
| #define HAVE_STDIO_H 1
| #define HAVE_STDLIB_H 1
| #define HAVE_STRING_H 1
| #define HAVE_INTTYPES_H 1
| #define HAVE_STDINT_H 1
| #define HAVE_STRINGS_H 1
| #define HAVE_SYS_STAT_H 1
| #define HAVE_SYS_TYPES_H 1
| #define HAVE_UNISTD_H 1
| #define STDC_HEADERS 1
| #define HAVE_ARPA_INET_H 1
| #define HAVE_SYS_SOCKET_H 1
| #define HAVE_SYS_TYPES_H 1
| #define HAVE_SYS_STAT_H 1
| #define HAVE_MATH_H 1
| #define HAVE_SIGNAL_H 1
| #define HAVE_PTHREAD_H 1
| #define HAVE_TIME_H 1
| #define HAVE_NETDB_H 1
| #define HAVE_UNISTD_H 1
| #define HAVE_CTYPE_H 1
| #define HAVE_STRING_H 1
| #define HAVE_ERRNO_H 1
| #define HAVE_DIRENT_H 1
| #define HAVE_STDLIB_H 1
| #define HAVE_STDIO_H 1
| #define HAVE_JSON_C_JSON_H 1
| #define HAVE_OPENSSL_SSL_H 1
| #define HAVE_OPENSSL_X509_H 1
| /* end confdefs.h.  */
| #include <stddef.h>
| #ifdef HAVE_STDIO_H
| # include <stdio.h>
| #endif
| #ifdef HAVE_STDLIB_H
| # include <stdlib.h>
| #endif
| #ifdef HAVE_STRING_H
| # include <string.h>
| #endif
| #ifdef HAVE_INTTYPES_H
| # include <inttypes.h>
| #endif
| #ifdef HAVE_STDINT_H
| # include <stdint.h>
| #endif
| #ifdef HAVE_STRINGS_H
| # include <strings.h>
| #endif
| #ifdef HAVE_SYS_TYPES_H
| # include <sys/types.h>
| #endif
| #ifdef HAVE_SYS_STAT_H
| # include <sys/stat.h>
| #endif
| #ifdef HAVE_UNISTD_H
| # include <unistd.h>
| #endif
| int
| main (void)
| {
| if (sizeof ((_Bool)))
| 	    return 0;
|   ;
|   return 0;
| }
configure:4924: result: yes
configure:4933: checking for stdbool.h that conforms to C99
configure:5049: gcc -c -g -O2  -I/usr/include -I/usr/local/include conftest.c >&5
configure:5049: $? = 0
configure:5057: result: yes
configure:5066: checking for an ANSI C-conforming const
configure:5133: gcc -c -g -O2  -I/usr/include -I/usr/local/include conftest.c >&5
configure:5133: $? = 0
configure:5141: result: yes
configure:5149: checking for inline
configure:5166: gcc -c -g -O2  -I/usr/include -I/usr/local/include conftest.c >&5
configure:5166: $? = 0
configure:5175: result: inline
configure:5193: checking for int32_t
configure:5193: gcc -c -g -O2  -I/usr/include -I/usr/local/include conftest.c >&5
configure:5193: $? = 0
configure:5193: gcc -c -g -O2  -I/usr/include -I/usr/local/include conftest.c >&5
conftest.c: In function 'main':
conftest.c:77:67: warning: integer overflow in expression of type 'int' results in '-2147483648' [-Woverflow]
   77 |                  < (int32_t) (((((int32_t) 1 << N) << N) - 1) * 2 + 2))];
      |                                                                   ^
conftest.c:76:12: error: storage size of 'test_array' isn't constant
   76 | static int test_array [1 - 2 * !((int32_t) (((((int32_t) 1 << N) << N) - 1) * 2 + 1)
      |            ^~~~~~~~~~
configure:5193: $? = 1
configure: failed program was:
| /* confdefs.h */
| #define PACKAGE_NAME "almond"
| #define PACKAGE_TARNAME "almond"
| #define PACKAGE_VERSION "0.9.24"
| #define PACKAGE_STRING "almond 0.9.24"
| #define PACKAGE_BUGREPORT "andreas.lindell@almondmonitor.com"
| #define PACKAGE_URL ""
| #define PACKAGE "almond"
| #define VERSION "0.9.24"
| #define HAVE_DIRENT_H 1
| #define HAVE_SYS_WAIT_H 1
| #define HAVE_STDIO_H 1
| #define HAVE_STDLIB_H 1
| #define HAVE_STRING_H 1
| #define HAVE_INTTYPES_H 1
| #define HAVE_STDINT_H 1
| #define HAVE_STRINGS_H 1
| #define HAVE_SYS_STAT_H 1
| #define HAVE_SYS_TYPES_H 1
| #define HAVE_UNISTD_H 1
| #define STDC_HEADERS 1
| #define HAVE_ARPA_INET_H 1
| #define HAVE_SYS_SOCKET_H 1
| #define HAVE_SYS_TYPES_H 1
| #define HAVE_SYS_STAT_H 1
| #define HAVE_MATH_H 1
| #define HAVE_SIGNAL_H 1
| #define HAVE_PTHREAD_H 1
| #define HAVE_TIME_H 1
| #define HAVE_NETDB_H 1
| #define HAVE_UNISTD_H 1
| #define HAVE_CTYPE_H 1
| #define HAVE_STRING_H 1
| #define HAVE_ERRNO_H 1
| #define HAVE_DIRENT_H 1
| #define HAVE_STDLIB_H 1
| #define HAVE_STDIO_H 1
| #define HAVE_JSON_C_JSON_H 1
| #define HAVE_OPENSSL_SSL_H 1
| #define HAVE_OPENSSL_X509_H 1
| #define HAVE__BOOL 1
| #define HAVE_STDBOOL_H 1
| /* end confdefs.h.  */
| #include <stddef.h>
| #ifdef HAVE_STDIO_H
| # include <stdio.h>
| #endif
| #ifdef HAVE_STDLIB_H
| # include <stdlib.h>
| #endif
| #ifdef HAVE_STRING_H
| # include <string.h>
| #endif
| #ifdef HAVE_INTTYPES_H
| # include <inttypes.h>
| #endif
| #ifdef HAVE_STDINT_H
| # include <stdint.h>
| #endif
| #ifdef HAVE_STRINGS_H
| # include <strings.h>
| #endif
| #ifdef HAVE_SYS_TYPES_H
| # include <sys/types.h>
| #endif
| #ifdef HAVE_SYS_STAT_H
| # include <sys/stat.h>
| #endif
| #ifdef HAVE_UNISTD_H
| # include <unistd.h>
| #endif
| 	        enum { N = 32 / 2 - 1 };
| int
| main (void)
| {
| static int test_array [1 - 2 * !((int32_t) (((((int32_t) 1 << N) << N) - 1) * 2 + 1)
| 		 < (int32_t) (((((int32_t) 1 << N) << N) - 1) * 2 + 2))];
| test_array [0] = 0;
| return test_array [0];
| 
|   ;
|   return 0;
| }
configure:5193: result: yes
configure:5202: checking for int64_t
configure:5202: gcc -c -g -O2  -I/usr/include -I/usr/local/include conftest.c >&5
configure:5202: $? = 0
configure:5202: gcc -c -g -O2  -I/usr/include -I/usr/local/include conftest.c >&5
conftest.c: In function 'main':
conftest.c:77:67: warning: integer overflow in expression of type 'long int' results in '-9223372036854775808' [-Woverflow]
   77 |                  < (int64_t) (((((int64_t) 1 << N) << N) - 1) * 2 + 2))];
      |                                                                   ^
conftest.c:76:12: error: storage size of 'test_array' isn't constant
   76 | static int test_array [1 - 2 * !((int64_t) (((((int64_t) 1 << N) << N) - 1) * 2 + 1)
      |            ^~~~~~~~~~
configure:5202: $? = 1
configure: failed program was:
| /* confdefs.h */
| #define PACKAGE_NAME "almond"
| #define PACKAGE_TARNAME "almond"
| #define PACKAGE_VERSION "0.9.24"
| #define PACKAGE_STRING "almond 0.9.24"
| #define PACKAGE_BUGREPORT "andreas.lindell@almondmonitor.com"
| #define PACKAGE_URL ""
| #define PACKAGE "almond"
| #define VERSION "0.9.24"
| #define HAVE_DIRENT_H 1
| #define HAVE_SYS_WAIT_H 1
| #define HAVE_STDIO_H 1
| #define HAVE_STDLIB_H 1
| #define HAVE_STRING_H 1
| #define HAVE_INTTYPES_H 1
| #define HAVE_STDINT_H 1
| #define HAVE_STRINGS_H 1
| #define HAVE_SYS_STAT_H 1
| #define HAVE_SYS_TYPES_H 1
| #define HAVE_UNISTD_H 1
| #define STDC_HEADERS 1
| #define HAVE_ARPA_INET_H 1
| #define HAVE_SYS_SOCKET_H 1
| #define HAVE_SYS_TYPES_H 1
| #define HAVE_SYS_STAT_H 1
| #define HAVE_MATH_H 1
| #define HAVE_SIGNAL_H 1
| #define HAVE_PTHREAD_H 1
| #define HAVE_TIME_H 1
| #define HAVE_NETDB_H 1
| #define HAVE_UNISTD_H 1
| #define HAVE_CTYPE_H 1
| #define HAVE_STRING_H 1
| #define HAVE_ERRNO_H 1
| #define HAVE_DIRENT_H 1
| #define HAVE_STDLIB_H 1
| #define HAVE_STDIO_H 1
| #define HAVE_JSON_C_JSON_H 1
| #define HAVE_OPENSSL_SSL_H 1
| #define HAVE_OPENSSL_X509_H 1
| #define HAVE__BOOL 1
| #define HAVE_STDBOOL_H 1
| /* end confdefs.h.  */
| #include <stddef.h>
| #ifdef HAVE_STDIO_H
| # include <stdio.h>
| #endif
| #ifdef HAVE_STDLIB_H
| # include <stdlib.h>
| #endif
| #ifdef HAVE_STRING_H
| # include <string.h>
| #endif
| #ifdef HAVE_INTTYPES_H
| # include <inttypes.h>
| #endif
| #ifdef HAVE_STDINT_H
| # include <stdint.h>
| #endif
| #ifdef HAVE_STRINGS_H
| # include <strings.h>
| #endif
| #ifdef HAVE_SYS_TYPES_H
| # include <sys/types.h>
| #endif
| #ifdef HAVE_SYS_STAT_H
| # include <sys/stat.h>
| #endif
| #ifdef HAVE_UNISTD_H
| # include <unistd.h>
| #endif
| 	        enum { N = 64 / 2 - 1 };
| int
| main (void)
| {
| static int test_array [1 - 2 * !((int64_t) (((((int64_t) 1 << N) << N) - 1) * 2 + 1)
| 		 < (int64_t) (((((int64_t) 1 << N) << N) - 1) * 2 + 2))];
| test_array [0] = 0;
| return test_array [0];
| 
|   ;
|   return 0;
| }
configure:5202: result: yes
configure:5211: checking for size_t
configure:5211: gcc -c -g -O2  -I/usr/include -I/usr/local/include conftest.c >&5
configure:5211: $? = 0
configure:5211: gcc -c -g -O2  -I/usr/include -I/usr/local/include conftest.c >&5
conftest.c: In function 'main':
conftest.c:75:21: error: expected expression before ')' token
   75 | if (sizeof ((size_t)))
      |                     ^
configure:5211: $? = 1
configure: failed program was:
| /* confdefs.h */
| #define PACKAGE_NAME "almond"
| #define PACKAGE_TARNAME "almond"
| #define PACKAGE_VERSION "0.9.24"
| #define PACKAGE_STRING "almond 0.9.24"
| #define PACKAGE_BUGREPORT "andreas.lindell@almondmonitor.com"
| #define PACKAGE_URL ""
| #define PACKAGE "almond"
| #define VERSION "0.9.24"
| #define HAVE_DIRENT_H 1
| #define HAVE_SYS_WAIT_H 1
| #define HAVE_STDIO_H 1
| #define HAVE_STDLIB_H 1
| #define HAVE_STRING_H 1
| #define HAVE_INTTYPES_H 1
| #define HAVE_STDINT_H 1
| #define HAVE_STRINGS_H 1
| #define HAVE_SYS_STAT_H 1
| #define HAVE_SYS_TYPES_H 1
| #define HAVE_UNISTD_H 1
| #define STDC_HEADERS 1
| #define HAVE_ARPA_INET_H 1
| #define HAVE_SYS_SOCKET_H 1
| #define HAVE_SYS_TYPES_H 1
| #define HAVE_SYS_STAT_H 1
| #define HAVE_MATH_H 1
| #define HAVE_SIGNAL_H 1
| #define HAVE_PTHREAD_H 1
| #define HAVE_TIME_H 1
| #define HAVE_NETDB_H 1
| #define HAVE_UNISTD_H 1
| #define HAVE_CTYPE_H 1
| #define HAVE_STRING_H 1
| #define HAVE_ERRNO_H 1
| #define HAVE_DIRENT_H 1
| #define HAVE_STDLIB_H 1
| #define HAVE_STDIO_H 1
| #define HAVE_JSON_C_JSON_H 1
| #define HAVE_OPENSSL_SSL_H 1
| #define HAVE_OPENSSL_X509_H 1
| #define HAVE__BOOL 1
| #define HAVE_STDBOOL_H 1
| /* end confdefs.h.  */
| #include <stddef.h>
| #ifdef HAVE_STDIO_H
| # include <stdio.h>
| #endif
| #ifdef HAVE_STDLIB_H
| # include <stdlib.h>
| #endif
| #ifdef HAVE_STRING_H
| # include <string.h>
| #endif
| #ifdef HAVE_INTTYPES_H
| # include <inttypes.h>
| #endif
| #ifdef HAVE_STDINT_H
| # include <stdint.h>
| #endif
| #ifdef HAVE_STRINGS_H
| # include <strings.h>
| #endif
| #ifdef HAVE_SYS_TYPES_H
| # include <sys/types.h>
| #endif
| #ifdef HAVE_SYS_STAT_H
| # include <sys/stat.h>
| #endif
| #ifdef HAVE_UNISTD_H
| # include <unistd.h>
| #endif
| int
| main (void)
| {
| if (sizeof ((size_t)))
| 	    return 0;
|   ;
|   return 0;
| }
configure:5211: result: yes
configure:5221: checking for ssize_t
configure:5221: gcc -c -g -O2  -I/usr/include -I/usr/local/include conftest.c >&5
configure:5221: $? = 0
configure:5221: gcc -c -g -O2  -I/usr/include -I/usr/local/include conftest.c >&5
conftest.c: In function 'main':
conftest.c:75:22: error: expected expression before ')' token
   75 | if (sizeof ((ssize_t)))
      |                      ^
configure:5221: $? = 1
configure: failed program was:
| /* confdefs.h */
| #define PACKAGE_NAME "almond"
| #define PACKAGE_TARNAME "almond"
| #define PACKAGE_VERSION "0.9.24"
| #define PACKAGE_STRING "almond 0.9.24"
| #define PACKAGE_BUGREPORT "andreas.lindell@almondmonitor.com"
| #define PACKAGE_URL ""
| #define PACKAGE "almond"
| #define VERSION "0.9.24"
| #define HAVE_DIRENT_H 1
| #define HAVE_SYS_WAIT_H 1
| #define HAVE_STDIO_H 1
| #define HAVE_STDLIB_H 1
| #define HAVE_STRING_H 1
| #define HAVE_INTTYPES_H 1
| #define HAVE_STDINT_H 1
| #define HAVE_STRINGS_H 1
| #define HAVE_SYS_STAT_H 1
| #define HAVE_SYS_TYPES_H 1
| #define HAVE_UNISTD_H 1
| #define STDC_HEADERS 1
| #define HAVE_ARPA_INET_H 1
| #define HAVE_SYS_SOCKET_H 1
| #define HAVE_SYS_TYPES_H 1
| #define HAVE_SYS_STAT_H 1
| #define HAVE_MATH_H 1
| #define HAVE_SIGNAL_H 1
| #define HAVE_PTHREAD_H 1
| #define HAVE_TIME_H 1
| #define HAVE_NETDB_H 1
| #define HAVE_UNISTD_H 1
| #define HAVE_CTYPE_H 1
| #define HAVE_STRING_H 1
| #define HAVE_ERRNO_H 1
| #define HAVE_DIRENT_H 1
| #define HAVE_STDLIB_H 1
| #define HAVE_STDIO_H 1
| #define HAVE_JSON_C_JSON_H 1
| #define HAVE_OPENSSL_SSL_H 1
| #define HAVE_OPENSSL_X509_H 1
| #define HAVE__BOOL 1
| #define HAVE_STDBOOL_H 1
| /* end confdefs.h.  */
| #include <stddef.h>
| #ifdef HAVE_STDIO_H
| # include <stdio.h>
| #endif
| #ifdef HAVE_STDLIB_H
| # include <stdlib.h>
| #endif
| #ifdef HAVE_STRING_H
| # include <string.h>
| #endif
| #ifdef HAVE_INTTYPES_H
| # include <inttypes.h>
| #endif
| #ifdef HAVE_STDINT_H
| # include <stdint.h>
| #endif
| #ifdef HAVE_STRINGS_H
| # include <strings.h>
| #endif
| #ifdef HAVE_SYS_TYPES_H
| # include <sys/types.h>
| #endif
| #ifdef HAVE_SYS_STAT_H
| # include <sys/stat.h>
| #endif
| #ifdef HAVE_UNISTD_H
| # include <unistd.h>
| #endif
| int
| main (void)
| {
| if (sizeof ((ssize_t)))
| 	    return 0;
|   ;
|   return 0;
| }
configure:5221: result: yes
configure:5231: checking for uint32_t
configure:5231: gcc -c -g -O2  -I/usr/include -I/usr/local/include conftest.c >&5
configure:5231: $? = 0
configure:5231: result: yes
configure:5243: checking for uint64_t
configure:5243: gcc -c -g -O2  -I/usr/include -I/usr/local/include conftest.c >&5
configure:5243: $? = 0
configure:5243: result: yes
configure:5263: checking build system type
configure:5278: result: x86_64-pc-linux-gnu
configure:5298: checking host system type
configure:5312: result: x86_64-pc-linux-gnu
configure:5332: checking for GNU libc compatible malloc
configure:5364: gcc -o conftest -g -O2  -I/usr/include -I/usr/local/include  -L/usr/lib64 -L/usr/local/lib -L/usr/lib conftest.c  >&5
configure:5364: $? = 0
configure:5364: ./conftest
configure:5364: $? = 0
configure:5375: result: yes
configure:5397: checking for GNU libc compatible realloc
configure:5429: gcc -o conftest -g -O2  -I/usr/include -I/usr/local/include  -L/usr/lib64 -L/usr/local/lib -L/usr/lib conftest.c  >&5
configure:5429: $? = 0
configure:5429: ./conftest
configure:5429: $? = 0
configure:5440: result: yes
configure:5462: checking whether lstat correctly handles trailing slash
configure:5495: gcc -o conftest -g -O2  -I/usr/include -I/usr/local/include  -L/usr/lib64 -L/usr/local/lib -L/usr/lib conftest.c  >&5
configure:5495: $? = 0
configure:5495: ./conftest
configure:5495: $? = 0
configure:5513: result: yes
configure:5530: checking whether stat accepts an empty string
configure:5552: gcc -o conftest -g -O2  -I/usr/include -I/usr/local/include  -L/usr/lib64 -L/usr/local/lib -L/usr/lib conftest.c  >&5
configure:5552: $? = 0
configure:5552: ./conftest
configure:5552: $? = 0
configure:5563: result: no
configure:5577: checking for memmove
configure:5577: gcc -o conftest -g -O2  -I/usr/include -I/usr/local/include  -L/usr/lib64 -L/usr/local/lib -L/usr/lib conftest.c  >&5
conftest.c:63:6: warning: conflicting types for built-in function 'memmove'; expected 'void *(void *, const void *, long unsigned int)' [-Wbuiltin-declaration-mismatch]
   63 | char memmove ();
      |      ^~~~~~~
conftest.c:55:1: note: 'memmove' is declared in header '<string.h>'
   54 | #include <limits.h>
   55 | #undef memmove
configure:5577: $? = 0
configure:5577: result: yes
configure:5709: Kafka support DISABLED
configure:5806: Avro support DISABLED
configure:5949: checking that generated files are newer than configure
configure:5955: result: done
configure:5994: creating ./config.status

## ---------------------- ##
## Running config.status. ##
## ---------------------- ##

This file was extended by almond config.status 0.9.24, which was
generated by GNU Autoconf 2.71.  Invocation command line was

  CONFIG_FILES    = 
  CONFIG_HEADERS  = 
  CONFIG_LINKS    = 
  CONFIG_COMMANDS = 
  $ ./config.status 

on tmauv03

config.status:790: creating Makefile
config.status:962: executing depfiles commands
config.status:1039: cd .       && sed -e '/# am--include-marker/d' Makefile         | make -f - am--depfiles
make: Nothing to be done for 'am--depfiles'.
config.status:1044: $? = 0

## ---------------- ##
## Cache variables. ##
## ---------------- ##

ac_cv_build=x86_64-pc-linux-gnu
ac_cv_c_compiler_gnu=yes
ac_cv_c_const=yes
ac_cv_c_inline=inline
ac_cv_c_int32_t=yes
ac_cv_c_int64_t=yes
ac_cv_c_uint32_t=yes
ac_cv_c_uint64_t=yes
ac_cv_env_CC_set=
ac_cv_env_CC_value=
ac_cv_env_CFLAGS_set=
ac_cv_env_CFLAGS_value=
ac_cv_env_CPPFLAGS_set=
ac_cv_env_CPPFLAGS_value=
ac_cv_env_LDFLAGS_set=
ac_cv_env_LDFLAGS_value=
ac_cv_env_LIBS_set=
ac_cv_env_LIBS_value=
ac_cv_env_build_alias_set=
ac_cv_env_build_alias_value=
ac_cv_env_host_alias_set=
ac_cv_env_host_alias_value=
ac_cv_env_target_alias_set=
ac_cv_env_target_alias_value=
ac_cv_func_lstat_dereferences_slashed_symlink=yes
ac_cv_func_malloc_0_nonnull=yes
ac_cv_func_memmove=yes
ac_cv_func_realloc_0_nonnull=yes
ac_cv_func_stat_empty_string_bug=no
ac_cv_header_arpa_inet_h=yes
ac_cv_header_ctype_h=yes
ac_cv_header_dirent_dirent_h=yes
ac_cv_header_dirent_h=yes
ac_cv_header_errno_h=yes
ac_cv_header_inttypes_h=yes
ac_cv_header_json_c_json_h=yes
ac_cv_header_math_h=yes
ac_cv_header_netdb_h=yes
ac_cv_header_openssl_ssl_h=yes
ac_cv_header_openssl_x509_h=yes
ac_cv_header_pthread_h=yes
ac_cv_header_signal_h=yes
ac_cv_header_stdbool_h=yes
ac_cv_header_stdint_h=yes
ac_cv_header_stdio_h=yes
ac_cv_header_stdlib_h=yes
ac_cv_header_string_h=yes
ac_cv_header_strings_h=yes
ac_cv_header_sys_socket_h=yes
ac_cv_header_sys_stat_h=yes
ac_cv_header_sys_types_h=yes
ac_cv_header_sys_wait_h=yes
ac_cv_header_time_h=yes
ac_cv_header_unistd_h=yes
ac_cv_host=x86_64-pc-linux-gnu
ac_cv_objext=o
ac_cv_path_install='/usr/bin/install -c'
ac_cv_path_mkdir=/bin/mkdir
ac_cv_prog_AWK=gawk
ac_cv_prog_ac_ct_CC=gcc
ac_cv_prog_cc_c11=
ac_cv_prog_cc_g=yes
ac_cv_prog_cc_stdc=
ac_cv_prog_make_make_set=yes
ac_cv_search_opendir='none required'
ac_cv_type__Bool=yes
ac_cv_type_size_t=yes
ac_cv_type_ssize_t=yes
am_cv_CC_dependencies_compiler_type=gcc3
am_cv_make_support_nested_variables=yes
am_cv_prog_cc_c_o=yes

## ----------------- ##
## Output variables. ##
## ----------------- ##

ACLOCAL='${SHELL} '\''/root/almond-0.9.24/missing'\'' aclocal-1.16'
AMDEPBACKSLASH='\'
AMDEP_FALSE='#'
AMDEP_TRUE=''
AMTAR='$${TAR-tar}'
AM_BACKSLASH='\'
AM_DEFAULT_V='$(AM_DEFAULT_VERBOSITY)'
AM_DEFAULT_VERBOSITY='1'
AM_V='$(V)'
AUTOCONF='${SHELL} '\''/root/almond-0.9.24/missing'\'' autoconf'
AUTOHEADER='${SHELL} '\''/root/almond-0.9.24/missing'\'' autoheader'
AUTOMAKE='${SHELL} '\''/root/almond-0.9.24/missing'\'' automake-1.16'
AWK='gawk'
CC='gcc'
CCDEPMODE='depmode=gcc3'
CFLAGS='-g -O2'
CPPFLAGS=' -I/usr/include -I/usr/local/include'
CSCOPE='cscope'
CTAGS='ctags'
CYGPATH_W='echo'
DEFS='-DPACKAGE_NAME=\"almond\" -DPACKAGE_TARNAME=\"almond\" -DPACKAGE_VERSION=\"0.9.24\" -DPACKAGE_STRING=\"almond\ 0.9.24\" -DPACKAGE_BUGREPORT=\"andreas.lindell@almondmonitor.com\" -DPACKAGE_URL=\"\" -DPACKAGE=\"almond\" -DVERSION=\"0.9.24\" -DHAVE_DIRENT_H=1 -DHAVE_SYS_WAIT_H=1 -DHAVE_STDIO_H=1 -DHAVE_STDLIB_H=1 -DHAVE_STRING_H=1 -DHAVE_INTTYPES_H=1 -DHAVE_STDINT_H=1 -DHAVE_STRINGS_H=1 -DHAVE_SYS_STAT_H=1 -DHAVE_SYS_TYPES_H=1 -DHAVE_UNISTD_H=1 -DSTDC_HEADERS=1 -DHAVE_ARPA_INET_H=1 -DHAVE_SYS_SOCKET_H=1 -DHAVE_SYS_TYPES_H=1 -DHAVE_SYS_STAT_H=1 -DHAVE_MATH_H=1 -DHAVE_SIGNAL_H=1 -DHAVE_PTHREAD_H=1 -DHAVE_TIME_H=1 -DHAVE_NETDB_H=1 -DHAVE_UNISTD_H=1 -DHAVE_CTYPE_H=1 -DHAVE_STRING_H=1 -DHAVE_ERRNO_H=1 -DHAVE_DIRENT_H=1 -DHAVE_STDLIB_H=1 -DHAVE_STDIO_H=1 -DHAVE_JSON_C_JSON_H=1 -DHAVE_OPENSSL_SSL_H=1 -DHAVE_OPENSSL_X509_H=1 -DHAVE__BOOL=1 -DHAVE_STDBOOL_H=1 -DHAVE_MALLOC=1 -DHAVE_REALLOC=1 -DLSTAT_FOLLOWS_SLASHED_SYMLINK=1 -DHAVE_MEMMOVE=1 -DUSE_MINIMAL=1'
DEPDIR='.deps'
ECHO_C=''
ECHO_N='-n'
ECHO_T=''
ETAGS='etags'
EXEEXT=''
INSTALL_DATA='${INSTALL} -m 644'
INSTALL_PROGRAM='${INSTALL}'
INSTALL_SCRIPT='${INSTALL}'
INSTALL_STRIP_PROGRAM='$(install_sh) -c -s'
LDFLAGS=' -L/usr/lib64 -L/usr/local/lib -L/usr/lib'
LIBOBJS=''
LIBS=''
LTLIBOBJS=''
MAKEINFO='${SHELL} '\''/root/almond-0.9.24/missing'\'' makeinfo'
MKDIR_P='/bin/mkdir -p'
OBJEXT='o'
PACKAGE='almond'
PACKAGE_BUGREPORT='andreas.lindell@almondmonitor.com'
PACKAGE_NAME='almond'
PACKAGE_STRING='almond 0.9.24'
PACKAGE_TARNAME='almond'
PACKAGE_URL=''
PACKAGE_VERSION='0.9.24'
PATH_SEPARATOR=':'
SET_MAKE=''
SHELL='/bin/bash'
STRIP=''
USE_AVRO_FALSE=''
USE_AVRO_TRUE='#'
USE_KAFKA_FALSE=''
USE_KAFKA_ONLY_FALSE=''
USE_KAFKA_ONLY_TRUE='#'
USE_KAFKA_TRUE='#'
USE_MINIMAL_FALSE='#'
USE_MINIMAL_TRUE=''
VERSION='0.9.24'
ac_ct_CC='gcc'
am__EXEEXT_FALSE=''
am__EXEEXT_TRUE='#'
am__fastdepCC_FALSE='#'
am__fastdepCC_TRUE=''
am__include='include'
am__isrc=''
am__leading_dot='.'
am__nodep='_no'
am__quote=''
am__tar='$${TAR-tar} chof - "$$tardir"'
am__untar='$${TAR-tar} xf -'
bindir='${exec_prefix}/bin'
build='x86_64-pc-linux-gnu'
build_alias=''
build_cpu='x86_64'
build_os='linux-gnu'
build_vendor='pc'
datadir='${datarootdir}'
datarootdir='${prefix}/share'
docdir='${datarootdir}/doc/${PACKAGE_TARNAME}'
dvidir='${docdir}'
exec_prefix='${prefix}'
host='x86_64-pc-linux-gnu'
host_alias=''
host_cpu='x86_64'
host_os='linux-gnu'
host_vendor='pc'
htmldir='${docdir}'
includedir='${prefix}/include'
infodir='${datarootdir}/info'
install_sh='${SHELL} /root/almond-0.9.24/install-sh'
libdir='${exec_prefix}/lib'
libexecdir='${exec_prefix}/libexec'
localedir='${datarootdir}/locale'
localstatedir='${prefix}/var'
mandir='${datarootdir}/man'
mkdir_p='$(MKDIR_P)'
oldincludedir='/usr/include'
pdfdir='${docdir}'
prefix='/opt/almond'
program_transform_name='s,x,x,'
psdir='${docdir}'
runstatedir='${localstatedir}/run'
sbindir='${exec_prefix}/sbin'
sharedstatedir='${prefix}/com'
sysconfdir='${prefix}/etc'
target_alias=''

## ----------- ##
## confdefs.h. ##
## ----------- ##

/* confdefs.h */
#define PACKAGE_NAME "almond"
#define PACKAGE_TARNAME "almond"
#define PACKAGE_VERSION "0.9.24"
#define PACKAGE_STRING "almond 0.9.24"
#define PACKAGE_BUGREPORT "andreas.lindell@almondmonitor.com"
#define PACKAGE_URL ""
#define PACKAGE "almond"
#define VERSION "0.9.24"
#define HAVE_DIRENT_H 1
#define HAVE_SYS_WAIT_H 1
#define HAVE_STDIO_H 1
#define HAVE_STDLIB_H 1
#define HAVE_STRING_H 1
#define HAVE_INTTYPES_H 1
#define HAVE_STDINT_H 1
#define HAVE_STRINGS_H 1
#define HAVE_SYS_STAT_H 1
#define HAVE_SYS_TYPES_H 1
#define HAVE_UNISTD_H 1
#define STDC_HEADERS 1
#define HAVE_ARPA_INET_H 1
#define HAVE_SYS_SOCKET_H 1
#define HAVE_SYS_TYPES_H 1
#define HAVE_SYS_STAT_H 1
#define HAVE_MATH_H 1
#define HAVE_SIGNAL_H 1
#define HAVE_PTHREAD_H 1
#define HAVE_TIME_H 1
#define HAVE_NETDB_H 1
#define HAVE_UNISTD_H 1
#define HAVE_CTYPE_H 1
#define HAVE_STRING_H 1
#define HAVE_ERRNO_H 1
#define HAVE_DIRENT_H 1
#define HAVE_STDLIB_H 1
#define HAVE_STDIO_H 1
#define HAVE_JSON_C_JSON_H 1
#define HAVE_OPENSSL_SSL_H 1
#define HAVE_OPENSSL_X509_H 1
#define HAVE__BOOL 1
#define HAVE_STDBOOL_H 1
#define HAVE_MALLOC 1
#define HAVE_REALLOC 1
#define LSTAT_FOLLOWS_SLASHED_SYMLINK 1
#define HAVE_MEMMOVE 1
#define USE_MINIMAL 1

configure: exit 0
